SecureSCADA/doneS.java
SecureSCADA/approved.java
MainDefaultComponent.java
SecureSCADA/checkingRights.java
SecureSCADA/Rights.java
SecureSCADA/Network.java
SecureSCADA/access.java
SecureSCADA/login.java
SecureSCADA/FieldService.java
SecureSCADA/HMI.java
SecureSCADA/sendTaskToDataserver.java
SecureSCADA/toLogin.java
SecureSCADA/rejectedRights.java
SecureSCADA/notOk.java
SecureSCADA/FieldUnit.java
SecureSCADA/ok.java
SecureSCADA/sendToField.java
SecureSCADA/LocalController.java
SecureSCADA/rejected.java
SecureSCADA/Securitypolicy.java
SecureSCADA/CenterController.java
SecureSCADA/requestTask.java
SecureSCADA/queryData.java
SecureSCADA/SecureSCADA_pkgClass.java
SecureSCADA/DataServer.java
SecureSCADA/checkLogin.java
SecureSCADA/doneService.java
SecureSCADA/checkPolicy.java
SecureSCADA/signin.java
SecureSCADA/sendTaskToField.java
SecureSCADA/checkRight.java
SecureSCADA/allow.java
SecureSCADA/Checkpoint.java
SecureSCADA/refusedTask.java
SecureSCADA/notAllow.java
SecureSCADA/requestService.java
SecureSCADA/connecttoNet.java
SecureSCADA/sendTask.java
SecureSCADA/backRights.java
SecureSCADA/SingleAccessPoint.java
SecureSCADA/approvedTask.java
SecureSCADA/sendtoSingleLogin.java
